

================================================================
== Vivado HLS Report for 'paralleltest'
================================================================
* Date:           Fri Dec 30 23:35:05 2016

* Version:        2016.3 (Build 1682563 on Mon Oct 10 19:41:59 MDT 2016)
* Project:        hwtest
* Solution:       solution1
* Product family: zynq
* Target device:  xc7z010clg400-1


================================================================
== Performance Estimates
================================================================
+ Timing (ns): 
    * Summary: 
    +--------+-------+----------+------------+
    |  Clock | Target| Estimated| Uncertainty|
    +--------+-------+----------+------------+
    |ap_clk  |  10.00|      8.36|        1.25|
    +--------+-------+----------+------------+

+ Latency (clock cycles): 
    * Summary: 
    +-----+-----+-----+-----+---------+
    |  Latency  |  Interval | Pipeline|
    | min | max | min | max |   Type  |
    +-----+-----+-----+-----+---------+
    |    1|    2|    2|    3|   none  |
    +-----+-----+-----+-----+---------+

    + Detail: 
        * Instance: 
        N/A

        * Loop: 
        N/A



================================================================
== Utilization Estimates
================================================================
* Summary: 
+-----------------+---------+-------+-------+-------+
|       Name      | BRAM_18K| DSP48E|   FF  |  LUT  |
+-----------------+---------+-------+-------+-------+
|DSP              |        -|      -|      -|      -|
|Expression       |        -|      -|      0|    148|
|FIFO             |        -|      -|      -|      -|
|Instance         |        -|      -|      -|      -|
|Memory           |        2|      -|      0|      0|
|Multiplexer      |        -|      -|      -|     11|
|Register         |        -|      -|     24|      -|
+-----------------+---------+-------+-------+-------+
|Total            |        2|      0|     24|    159|
+-----------------+---------+-------+-------+-------+
|Available        |      120|     80|  35200|  17600|
+-----------------+---------+-------+-------+-------+
|Utilization (%)  |        1|      0|   ~0  |   ~0  |
+-----------------+---------+-------+-------+-------+

+ Detail: 
    * Instance: 
    N/A

    * DSP48: 
    N/A

    * Memory: 
    +------------+----------------------+---------+---+----+------+-----+------+-------------+
    |   Memory   |        Module        | BRAM_18K| FF| LUT| Words| Bits| Banks| W*Bits*Banks|
    +------------+----------------------+---------+---+----+------+-----+------+-------------+
    |buffer_r_U  |paralleltest_buffbkb  |        2|  0|   0|  1024|   32|     1|        32768|
    +------------+----------------------+---------+---+----+------+-----+------+-------------+
    |Total       |                      |        2|  0|   0|  1024|   32|     1|        32768|
    +------------+----------------------+---------+---+----+------+-----+------+-------------+

    * FIFO: 
    N/A

    * Expression: 
    +--------------------+----------+-------+---+----+------------+------------+
    |    Variable Name   | Operation| DSP48E| FF| LUT| Bitwidth P0| Bitwidth P1|
    +--------------------+----------+-------+---+----+------------+------------+
    |p_neg_t6_fu_186_p2  |     -    |      0|  0|  32|           1|          32|
    |p_neg_t_fu_135_p2   |     -    |      0|  0|  32|           1|          32|
    |tmp_5_fu_121_p2     |     -    |      0|  0|  10|           1|          10|
    |tmp_9_fu_173_p2     |     -    |      0|  0|  10|           1|          10|
    |tmp_1_fu_192_p3     |  select  |      0|  0|  32|           1|          32|
    |tmp_fu_141_p3       |  select  |      0|  0|  32|           1|          32|
    +--------------------+----------+-------+---+----+------------+------------+
    |Total               |          |      0|  0| 148|           6|         148|
    +--------------------+----------+-------+---+----+------------+------------+

    * Multiplexer: 
    +-------------------+----+-----------+-----+-----------+
    |        Name       | LUT| Input Size| Bits| Total Bits|
    +-------------------+----+-----------+-----+-----------+
    |ap_NS_fsm          |   1|          4|    1|          4|
    |buffer_r_address0  |  10|          3|   10|         30|
    +-------------------+----+-----------+-----+-----------+
    |Total              |  11|          7|   11|         34|
    +-------------------+----+-----------+-----+-----------+

    * Register: 
    +---------------+----+----+-----+-----------+
    |      Name     | FF | LUT| Bits| Const Bits|
    +---------------+----+----+-----+-----------+
    |ap_CS_fsm      |   3|   0|    3|          0|
    |tmp_6_reg_207  |   1|   0|    1|          0|
    |tmp_7_reg_212  |  10|   0|   10|          0|
    |tmp_8_reg_217  |  10|   0|   10|          0|
    +---------------+----+----+-----+-----------+
    |Total          |  24|   0|   24|          0|
    +---------------+----+----+-----+-----------+



================================================================
== Interface
================================================================
* Summary: 
+-------------------+-----+-----+------------+--------------+--------------+
|     RTL Ports     | Dir | Bits|  Protocol  | Source Object|    C Type    |
+-------------------+-----+-----+------------+--------------+--------------+
|ap_clk             |  in |    1| ap_ctrl_hs | paralleltest | return value |
|ap_rst             |  in |    1| ap_ctrl_hs | paralleltest | return value |
|ap_start           |  in |    1| ap_ctrl_hs | paralleltest | return value |
|ap_done            | out |    1| ap_ctrl_hs | paralleltest | return value |
|ap_idle            | out |    1| ap_ctrl_hs | paralleltest | return value |
|ap_ready           | out |    1| ap_ctrl_hs | paralleltest | return value |
|p_doWrite          |  in |    1|   ap_none  |   p_doWrite  |    scalar    |
|p_writeAddr        |  in |   32|   ap_none  |  p_writeAddr |    scalar    |
|p_writeData        |  in |   32|   ap_none  |  p_writeData |    scalar    |
|p_doRead           |  in |    1|   ap_none  |   p_doRead   |    scalar    |
|p_readAddr         |  in |   32|   ap_none  |  p_readAddr  |    scalar    |
|p_readData         | out |   32|   ap_vld   |  p_readData  |    pointer   |
|p_readData_ap_vld  | out |    1|   ap_vld   |  p_readData  |    pointer   |
+-------------------+-----+-----+------------+--------------+--------------+

